** Drc report for tamagotchi.kicad_pcb **
** Created on 2026-06-20T11:03:40 **
** Report includes: Errors, Warnings **

** Found 86 DRC violations **
[shorting_items]: Items shorting two nets (nets Net-(U1-GPIO4_A2_D2) and Net-(U1-GPIO7_D5_SCL))
    Local override; error
    @(74.7800 mm, 93.8500 mm): PTH pad 2 [Net-(U1-GPIO4_A2_D2)] of SW3
    @(80.4955 mm, 100.7398 mm): Track [Net-(U1-GPIO7_D5_SCL)] on B.Cu, length 10.4305 mm
[malformed_courtyard]: Footprint has malformed courtyard (self-intersecting)
    Local override; error
    @(72.0400 mm, 84.9700 mm): Footprint BUZZER1
[solder_mask_bridge]: Rear solder mask aperture bridges items with different nets
    Rule: board setup solder mask min width; error
    @(80.4955 mm, 100.7398 mm): Track [Net-(U1-GPIO7_D5_SCL)] on B.Cu, length 10.4305 mm
    @(74.7800 mm, 93.8500 mm): PTH pad 2 [Net-(U1-GPIO4_A2_D2)] of SW3
[track_dangling]: Track has unconnected end
    Local override; warning
    @(75.2500 mm, 87.1500 mm): Track [GND] on B.Cu, length 14.6500 mm
[silk_edge_clearance]: Silkscreen clipped by board edge
    Rule: board setup constraints silk; warning
    @(38.6900 mm, 116.3000 mm): Segment on Edge.Cuts
    @(81.5405 mm, 115.9407 mm): Circle of U1 on F.Silkscreen
[silk_edge_clearance]: Silkscreen clipped by board edge
    Rule: board setup constraints silk; warning
    @(38.6900 mm, 116.3000 mm): Segment on Edge.Cuts
    @(79.4255 mm, 114.4557 mm): Arc of U1 on F.Silkscreen
[silk_edge_clearance]: Silkscreen clipped by board edge
    Rule: board setup constraints silk; warning
    @(38.6900 mm, 116.3000 mm): Segment on Edge.Cuts
    @(65.4555 mm, 114.4518 mm): Arc of U1 on F.Silkscreen
[silk_edge_clearance]: Silkscreen clipped by board edge
    Rule: board setup constraints silk; warning
    @(38.6900 mm, 116.3000 mm): Segment on Edge.Cuts
    @(76.9355 mm, 116.3568 mm): Segment of U1 on F.Silkscreen
[silk_edge_clearance]: Silkscreen clipped by board edge
    Rule: board setup constraints silk; warning
    @(38.6900 mm, 116.3000 mm): Segment on Edge.Cuts
    @(67.9365 mm, 117.3667 mm): Segment of U1 on F.Silkscreen
[padstack]: Padstack is questionable (PTH pad hole leaves no copper)
    Local override; warning
    @(83.5000 mm, 84.8000 mm): PTH pad [<no net>] of U2
[padstack]: Padstack is questionable (PTH pad hole leaves no copper)
    Local override; warning
    @(83.5000 mm, 61.0000 mm): PTH pad [<no net>] of U2
[padstack]: Padstack is questionable (PTH pad hole leaves no copper)
    Local override; warning
    @(60.2000 mm, 84.8000 mm): PTH pad [<no net>] of U2
[padstack]: Padstack is questionable (PTH pad hole leaves no copper)
    Local override; warning
    @(60.2000 mm, 61.0000 mm): PTH pad [<no net>] of U2
[lib_footprint_mismatch]: Footprint 'XIAO-ESP32-C3-SMD' does not match copy in library 'Seeed_Studio_XIAO_Series'
    Local override; warning
    @(81.3305 mm, 95.3197 mm): Footprint U1
[text_height]: Text height out of range (board setup constraints silk text height min height 0.8000 mm; actual 0.7823 mm)
    Rule: board setup constraints silk text height; warning
    @(74.2185 mm, 116.6557 mm): Reference field of U1
[silk_overlap]: Silkscreen clearance
    Rule: board setup constraints silk; warning
    @(71.2800 mm, 90.8500 mm): Circle of SW3 on F.Silkscreen
    @(61.0000 mm, 91.0000 mm): PCB text 'first (completed?) hardware project!
thank you tanishq' on F.Silkscreen
[silk_overlap]: Silkscreen clearance
    Rule: board setup constraints silk; warning
    @(61.0000 mm, 91.0000 mm): PCB text 'first (completed?) hardware project!
thank you tanishq' on F.Silkscreen
    @(70.6300 mm, 90.1000 mm): Segment of SW3 on F.Silkscreen
[silk_overlap]: Silkscreen clearance
    Rule: board setup constraints silk; warning
    @(72.0400 mm, 84.9700 mm): Circle of BUZZER1 on F.Silkscreen
    @(61.0000 mm, 91.0000 mm): PCB text 'first (completed?) hardware project!
thank you tanishq' on F.Silkscreen
[silk_overlap]: Silkscreen clearance
    Rule: board setup constraints silk; warning
    @(72.3800 mm, 92.3500 mm): Circle of SW3 on F.Silkscreen
    @(72.0400 mm, 84.9700 mm): Circle of BUZZER1 on F.Silkscreen
[silk_overlap]: Silkscreen clearance
    Rule: board setup constraints silk; warning
    @(73.4800 mm, 90.8500 mm): Circle of SW3 on F.Silkscreen
    @(61.0000 mm, 91.0000 mm): PCB text 'first (completed?) hardware project!
thank you tanishq' on F.Silkscreen
[silk_overlap]: Silkscreen clearance
    Rule: board setup constraints silk; warning
    @(72.0400 mm, 80.9700 mm): Reference field of BUZZER1
    @(83.1069 mm, 60.2293 mm): Polygon of G*** on F.Silkscreen
[silk_overlap]: Silkscreen clearance
    Rule: board setup constraints silk; warning
    @(78.3500 mm, 86.8000 mm): Segment of U2 on F.Silkscreen
    @(72.0400 mm, 84.9700 mm): Circle of BUZZER1 on F.Silkscreen
[silk_overlap]: Silkscreen clearance
    Rule: board setup constraints silk; warning
    @(78.3500 mm, 86.8000 mm): Segment of U2 on F.Silkscreen
    @(83.1069 mm, 60.2293 mm): Polygon of G*** on F.Silkscreen
[silk_overlap]: Silkscreen clearance
    Rule: board setup constraints silk; warning
    @(72.3800 mm, 86.8500 mm): Reference field of SW3
    @(72.0400 mm, 84.9700 mm): Circle of BUZZER1 on F.Silkscreen
[silk_overlap]: Silkscreen clearance
    Rule: board setup constraints silk; warning
    @(83.1069 mm, 60.2293 mm): Polygon of G*** on F.Silkscreen
    @(72.0400 mm, 84.9700 mm): Circle of BUZZER1 on F.Silkscreen
[silk_overlap]: Silkscreen clearance
    Rule: board setup constraints silk; warning
    @(72.0400 mm, 84.9700 mm): Circle of BUZZER1 on F.Silkscreen
    @(78.3500 mm, 83.0500 mm): Segment of U2 on F.Silkscreen
[silk_overlap]: Silkscreen clearance
    Rule: board setup constraints silk; warning
    @(72.0400 mm, 84.9700 mm): Circle of BUZZER1 on F.Silkscreen
    @(65.5000 mm, 83.0500 mm): Segment of U2 on F.Silkscreen
[silk_overlap]: Silkscreen clearance
    Rule: board setup constraints silk; warning
    @(85.4500 mm, 86.8000 mm): Segment of U2 on F.Silkscreen
    @(72.0400 mm, 84.9700 mm): Circle of BUZZER1 on F.Silkscreen
[silk_overlap]: Silkscreen clearance
    Rule: board setup constraints silk; warning
    @(72.0400 mm, 84.9700 mm): Circle of BUZZER1 on F.Silkscreen
    @(83.1069 mm, 60.2293 mm): Polygon of G*** on F.Silkscreen
[silk_overlap]: Silkscreen clearance
    Rule: board setup constraints silk; warning
    @(78.3500 mm, 83.0500 mm): Segment of U2 on F.Silkscreen
    @(83.1069 mm, 60.2293 mm): Polygon of G*** on F.Silkscreen
[silk_overlap]: Silkscreen clearance
    Rule: board setup constraints silk; warning
    @(83.1069 mm, 60.2293 mm): Polygon of G*** on F.Silkscreen
    @(72.0000 mm, 71.2300 mm): Reference field of G***
[silk_overlap]: Silkscreen clearance
    Rule: board setup constraints silk; warning
    @(73.2127 mm, 70.6706 mm): Polygon of G*** on F.Silkscreen
    @(72.0000 mm, 71.2300 mm): Reference field of G***
[silk_overlap]: Silkscreen clearance
    Rule: board setup constraints silk; warning
    @(58.2500 mm, 59.0000 mm): Segment of U2 on F.Silkscreen
    @(76.1266 mm, 58.9058 mm): Polygon of G*** on F.Silkscreen
[silk_overlap]: Silkscreen clearance
    Rule: board setup constraints silk; warning
    @(58.2500 mm, 59.0000 mm): Segment of U2 on F.Silkscreen
    @(76.1122 mm, 58.9497 mm): Polygon of G*** on F.Silkscreen
[silk_overlap]: Silkscreen clearance
    Rule: board setup constraints silk; warning
    @(58.2500 mm, 59.0000 mm): Segment of U2 on F.Silkscreen
    @(75.1964 mm, 58.7921 mm): Polygon of G*** on F.Silkscreen
[silk_overlap]: Silkscreen clearance
    Rule: board setup constraints silk; warning
    @(58.2500 mm, 59.0000 mm): Segment of U2 on F.Silkscreen
    @(74.4232 mm, 58.3086 mm): Polygon of G*** on F.Silkscreen
[silk_overlap]: Silkscreen clearance
    Rule: board setup constraints silk; warning
    @(58.2500 mm, 59.0000 mm): Segment of U2 on F.Silkscreen
    @(71.8536 mm, 58.4743 mm): Polygon of G*** on F.Silkscreen
[silk_overlap]: Silkscreen clearance
    Rule: board setup constraints silk; warning
    @(58.2500 mm, 59.0000 mm): Segment of U2 on F.Silkscreen
    @(72.8399 mm, 58.1810 mm): Polygon of G*** on F.Silkscreen
[silk_overlap]: Silkscreen clearance
    Rule: board setup constraints silk; warning
    @(58.2500 mm, 59.0000 mm): Segment of U2 on F.Silkscreen
    @(70.9872 mm, 58.3464 mm): Polygon of G*** on F.Silkscreen
[silk_overlap]: Silkscreen clearance
    Rule: board setup constraints silk; warning
    @(58.2500 mm, 59.0000 mm): Segment of U2 on F.Silkscreen
    @(68.6758 mm, 58.8854 mm): Polygon of G*** on F.Silkscreen
[silk_overlap]: Silkscreen clearance
    Rule: board setup constraints silk; warning
    @(58.2500 mm, 59.0000 mm): Segment of U2 on F.Silkscreen
    @(67.9874 mm, 59.0016 mm): Polygon of G*** on F.Silkscreen
[silk_over_copper]: Silkscreen clipped by solder mask
    Local override; warning
    @(61.0000 mm, 91.0000 mm): PCB text 'first (completed?) hardware project!
thank you tanishq' on F.Silkscreen
    @(69.9800 mm, 90.8500 mm): PTH pad 1 [GND] of SW3
[silk_over_copper]: Silkscreen clipped by solder mask
    Local override; warning
    @(65.4555 mm, 114.4518 mm): Arc of U1 on F.Silkscreen
    @(64.3305 mm, 113.4398 mm): PTH pad 14 [+5V] of U1
[silk_over_copper]: Silkscreen clipped by solder mask
    Local override; warning
    @(79.4255 mm, 114.4557 mm): Arc of U1 on F.Silkscreen
    @(80.4955 mm, 113.4398 mm): PTH pad 1 [Net-(U1-GPIO2_A0_D0)] of U1
[silk_over_copper]: Silkscreen clipped by solder mask
    Local override; warning
    @(81.3305 mm, 97.3067 mm): Segment of U1 on F.Silkscreen
    @(80.4955 mm, 98.1997 mm): PTH pad 7 [unconnected-(U1-GPIO21_D6_TX-Pad7)] of U1
[silk_over_copper]: Silkscreen clipped by solder mask
    Local override; warning
    @(81.3305 mm, 97.3067 mm): Segment of U1 on F.Silkscreen
    @(80.4955 mm, 100.7398 mm): PTH pad 6 [Net-(U1-GPIO7_D5_SCL)] of U1
[silk_over_copper]: Silkscreen clipped by solder mask
    Local override; warning
    @(81.3305 mm, 97.3067 mm): Segment of U1 on F.Silkscreen
    @(80.4955 mm, 103.2798 mm): PTH pad 5 [Net-(U1-GPIO6_D4_SDA)] of U1
[silk_over_copper]: Silkscreen clipped by solder mask
    Local override; warning
    @(81.3305 mm, 97.3067 mm): Segment of U1 on F.Silkscreen
    @(80.4955 mm, 105.8197 mm): PTH pad 4 [unconnected-(U1-GPIO5_A3_D3-Pad4)] of U1
[silk_over_copper]: Silkscreen clipped by solder mask
    Local override; warning
    @(81.3305 mm, 97.3067 mm): Segment of U1 on F.Silkscreen
    @(80.4955 mm, 108.3598 mm): PTH pad 3 [Net-(U1-GPIO4_A2_D2)] of U1
[silk_over_copper]: Silkscreen clipped by solder mask
    Local override; warning
    @(81.3305 mm, 97.3067 mm): Segment of U1 on F.Silkscreen
    @(80.4955 mm, 110.8997 mm): PTH pad 2 [Net-(U1-GPIO3_A1_D1)] of U1
[silk_over_copper]: Silkscreen clipped by solder mask
    Local override; warning
    @(81.3305 mm, 97.3067 mm): Segment of U1 on F.Silkscreen
    @(80.4955 mm, 113.4398 mm): PTH pad 1 [Net-(U1-GPIO2_A0_D0)] of U1
[silk_over_copper]: Silkscreen clipped by solder mask
    Local override; warning
    @(63.5505 mm, 97.3067 mm): Segment of U1 on F.Silkscreen
    @(64.3305 mm, 98.1997 mm): PTH pad 8 [unconnected-(U1-GPIO20_D7_RX-Pad8)] of U1
[silk_over_copper]: Silkscreen clipped by solder mask
    Local override; warning
    @(63.5505 mm, 97.3067 mm): Segment of U1 on F.Silkscreen
    @(64.3305 mm, 113.4398 mm): PTH pad 14 [+5V] of U1
[silk_over_copper]: Silkscreen clipped by solder mask
    Local override; warning
    @(63.5505 mm, 97.3067 mm): Segment of U1 on F.Silkscreen
    @(64.3305 mm, 110.8997 mm): PTH pad 13 [GND] of U1
[silk_over_copper]: Silkscreen clipped by solder mask
    Local override; warning
    @(63.5505 mm, 97.3067 mm): Segment of U1 on F.Silkscreen
    @(64.3305 mm, 108.3598 mm): PTH pad 12 [+3V3] of U1
[silk_over_copper]: Silkscreen clipped by solder mask
    Local override; warning
    @(63.5505 mm, 97.3067 mm): Segment of U1 on F.Silkscreen
    @(64.3305 mm, 105.8197 mm): PTH pad 11 [Net-(BUZZER1-+)] of U1
[silk_over_copper]: Silkscreen clipped by solder mask
    Local override; warning
    @(63.5505 mm, 97.3067 mm): Segment of U1 on F.Silkscreen
    @(64.3305 mm, 103.2798 mm): PTH pad 10 [unconnected-(U1-GPIO9_D9_MISO-Pad10)] of U1
[silk_over_copper]: Silkscreen clipped by solder mask
    Local override; warning
    @(63.5505 mm, 97.3067 mm): Segment of U1 on F.Silkscreen
    @(64.3305 mm, 100.7398 mm): PTH pad 9 [unconnected-(U1-GPIO8_D8_SCK-Pad9)] of U1
[silk_over_copper]: Silkscreen clipped by solder mask
    Local override; warning
    @(79.4255 mm, 97.3067 mm): Arc of U1 on F.Silkscreen
    @(80.4955 mm, 98.1997 mm): PTH pad 7 [unconnected-(U1-GPIO21_D6_TX-Pad7)] of U1
[silk_over_copper]: Silkscreen clipped by solder mask
    Local override; warning
    @(83.9000 mm, 95.2500 mm): Circle of SW2 on F.Silkscreen
    @(84.1000 mm, 96.0000 mm): PTH pad 1 [GND] of SW2
[silk_over_copper]: Silkscreen clipped by solder mask
    Local override; warning
    @(61.0000 mm, 91.0000 mm): PCB text 'first (completed?) hardware project!
thank you tanishq' on F.Silkscreen
    @(74.7800 mm, 90.8500 mm): PTH pad 1 [GND] of SW3
[silk_over_copper]: Silkscreen clipped by solder mask
    Local override; warning
    @(69.7800 mm, 90.1000 mm): Circle of SW3 on F.Silkscreen
    @(69.9800 mm, 90.8500 mm): PTH pad 1 [GND] of SW3
[silk_over_copper]: Silkscreen clipped by solder mask
    Local override; warning
    @(72.0400 mm, 84.9700 mm): Circle of BUZZER1 on F.Silkscreen
    @(69.9800 mm, 90.8500 mm): PTH pad 1 [GND] of SW3
[silk_over_copper]: Silkscreen clipped by solder mask
    Local override; warning
    @(72.0400 mm, 84.9700 mm): Circle of BUZZER1 on F.Silkscreen
    @(74.7800 mm, 90.8500 mm): PTH pad 1 [GND] of SW3
[silk_over_copper]: Silkscreen clipped by solder mask
    Local override; warning
    @(65.4555 mm, 97.3067 mm): Arc of U1 on F.Silkscreen
    @(64.3305 mm, 98.1997 mm): PTH pad 8 [unconnected-(U1-GPIO20_D7_RX-Pad8)] of U1
[silk_over_copper]: Silkscreen clipped by solder mask
    Local override; warning
    @(55.9000 mm, 95.7500 mm): Circle of SW1 on F.Silkscreen
    @(56.1000 mm, 96.5000 mm): PTH pad 1 [GND] of SW1
[silk_over_copper]: Silkscreen clipped by solder mask
    Local override; warning
    @(83.1069 mm, 60.2293 mm): Polygon of G*** on F.Silkscreen
    @(60.2000 mm, 61.0000 mm): PTH pad [<no net>] of U2
[silk_over_copper]: Silkscreen clipped by solder mask
    Local override; warning
    @(83.1069 mm, 60.2293 mm): Polygon of G*** on F.Silkscreen
    @(83.5000 mm, 61.0000 mm): PTH pad [<no net>] of U2
[silk_over_copper]: Silkscreen clipped by solder mask
    Local override; warning
    @(83.1069 mm, 60.2293 mm): Polygon of G*** on F.Silkscreen
    @(68.7900 mm, 84.9700 mm): PTH pad 1 [Net-(BUZZER1-+)] of BUZZER1
[silk_over_copper]: Silkscreen clipped by solder mask
    Local override; warning
    @(76.1122 mm, 58.9497 mm): Polygon of G*** on F.Silkscreen
    @(75.6600 mm, 60.4400 mm): PTH pad 4 [Net-(U1-GPIO6_D4_SDA)] of U2
[silk_over_copper]: Silkscreen clipped by solder mask
    Local override; warning
    @(75.1964 mm, 58.7921 mm): Polygon of G*** on F.Silkscreen
    @(75.6600 mm, 60.4400 mm): PTH pad 4 [Net-(U1-GPIO6_D4_SDA)] of U2
[silk_over_copper]: Silkscreen clipped by solder mask
    Local override; warning
    @(75.1964 mm, 58.7921 mm): Polygon of G*** on F.Silkscreen
    @(73.1200 mm, 60.4400 mm): PTH pad 3 [Net-(U1-GPIO7_D5_SCL)] of U2
[silk_over_copper]: Silkscreen clipped by solder mask
    Local override; warning
    @(77.4426 mm, 59.6540 mm): Polygon of G*** on F.Silkscreen
    @(75.6600 mm, 60.4400 mm): PTH pad 4 [Net-(U1-GPIO6_D4_SDA)] of U2
[silk_over_copper]: Silkscreen clipped by solder mask
    Local override; warning
    @(68.2770 mm, 60.7568 mm): Polygon of G*** on F.Silkscreen
    @(68.0400 mm, 60.4400 mm): PTH pad 1 [GND] of U2
[silk_over_copper]: Silkscreen clipped by solder mask
    Local override; warning
    @(70.5070 mm, 61.1264 mm): Polygon of G*** on F.Silkscreen
    @(70.5800 mm, 60.4400 mm): PTH pad 2 [+3V3] of U2
[silk_over_copper]: Silkscreen clipped by solder mask
    Local override; warning
    @(68.5409 mm, 60.9333 mm): Polygon of G*** on F.Silkscreen
    @(68.0400 mm, 60.4400 mm): PTH pad 1 [GND] of U2
[silk_over_copper]: Silkscreen clipped by solder mask
    Local override; warning
    @(69.3843 mm, 59.4813 mm): Polygon of G*** on F.Silkscreen
    @(70.5800 mm, 60.4400 mm): PTH pad 2 [+3V3] of U2
[silk_over_copper]: Silkscreen clipped by solder mask
    Local override; warning
    @(74.4232 mm, 58.3086 mm): Polygon of G*** on F.Silkscreen
    @(73.1200 mm, 60.4400 mm): PTH pad 3 [Net-(U1-GPIO7_D5_SCL)] of U2
[silk_over_copper]: Silkscreen clipped by solder mask
    Local override; warning
    @(71.8536 mm, 58.4743 mm): Polygon of G*** on F.Silkscreen
    @(73.1200 mm, 60.4400 mm): PTH pad 3 [Net-(U1-GPIO7_D5_SCL)] of U2
[silk_over_copper]: Silkscreen clipped by solder mask
    Local override; warning
    @(72.8399 mm, 58.1810 mm): Polygon of G*** on F.Silkscreen
    @(73.1200 mm, 60.4400 mm): PTH pad 3 [Net-(U1-GPIO7_D5_SCL)] of U2
[silk_over_copper]: Silkscreen clipped by solder mask
    Local override; warning
    @(70.9872 mm, 58.3464 mm): Polygon of G*** on F.Silkscreen
    @(70.5800 mm, 60.4400 mm): PTH pad 2 [+3V3] of U2
[silk_over_copper]: Silkscreen clipped by solder mask
    Local override; warning
    @(78.1717 mm, 60.0529 mm): Polygon of G*** on F.Silkscreen
    @(75.6600 mm, 60.4400 mm): PTH pad 4 [Net-(U1-GPIO6_D4_SDA)] of U2
[silk_over_copper]: Silkscreen clipped by solder mask
    Local override; warning
    @(66.6412 mm, 59.9911 mm): Polygon of G*** on F.Silkscreen
    @(68.0400 mm, 60.4400 mm): PTH pad 1 [GND] of U2
[silk_over_copper]: Silkscreen clipped by solder mask
    Local override; warning
    @(68.6758 mm, 58.8854 mm): Polygon of G*** on F.Silkscreen
    @(70.5800 mm, 60.4400 mm): PTH pad 2 [+3V3] of U2
[silk_over_copper]: Silkscreen clipped by solder mask
    Local override; warning
    @(68.6758 mm, 58.8854 mm): Polygon of G*** on F.Silkscreen
    @(68.0400 mm, 60.4400 mm): PTH pad 1 [GND] of U2
[silk_over_copper]: Silkscreen clipped by solder mask
    Local override; warning
    @(67.9874 mm, 59.0016 mm): Polygon of G*** on F.Silkscreen
    @(68.0400 mm, 60.4400 mm): PTH pad 1 [GND] of U2

** Found 3 unconnected pads **
[unconnected_items]: Missing connection between items
    Local override; error
    @(56.1000 mm, 99.5000 mm): PTH pad 2 [Net-(U1-GPIO2_A0_D0)] of SW1
    @(60.9000 mm, 98.3686 mm): Track [Net-(U1-GPIO2_A0_D0)] on B.Cu, length 1.1314 mm
[unconnected_items]: Missing connection between items
    Local override; error
    @(88.9000 mm, 99.0000 mm): PTH pad 2 [Net-(U1-GPIO3_A1_D1)] of SW2
    @(84.1000 mm, 99.0000 mm): Track [Net-(U1-GPIO3_A1_D1)] on F.Cu, length 8.2952 mm
[unconnected_items]: Missing connection between items
    Local override; error
    @(74.7800 mm, 93.8500 mm): Track [Net-(U1-GPIO4_A2_D2)] on F.Cu, length 8.1755 mm
    @(69.9800 mm, 93.8500 mm): PTH pad 2 [Net-(U1-GPIO4_A2_D2)] of SW3

** Found 0 Footprint errors **

** Ignored checks **
    - Footprint has no courtyard defined
    - Track endpoint not centered on via
    - Tuning profile track geometries
    - Footprint doesn't match symbol's footprint filters
    - PTH inside courtyard
    - NPTH inside courtyard
    - Footprint component type doesn't match footprint pads

** End of Report **
